// Jest Snapshot v1, https://goo.gl/fbAQLP

exports[`Renders home page home render should match snapshot 1`] = `
<div>
  <div
    class="sc-kDDrLX kZjyAP"
  >
    <div
      class="sc-crXcEl ijDvBP"
    >
      <div
        style="display: flex; flex-direction: column; justify-content: center; align-items: center; min-height: 110px;"
      >
        <div
          class="sc-fnykZs gTSawv"
        >
          Would you rather forfeit an Oscar or have a lifetime ban from the Academy?
        </div>
        <button
          class="sc-iqcoie bxyVtK"
        >
          Answer
        </button>
      </div>
    </div>
  </div>
  <div
    class="sc-kDDrLX kZjyAP"
  >
    <div
      class="sc-hAZoDl ivfPuI"
    >
      Learn Opinions
    </div>
    <div
      class="sc-evZas cPTEGe"
    >
      <div
        class="sc-breuTD coEVwK"
        style="background-size: cover;"
      >
        Sports fanatic?
        <button
          class="sc-ksZaOG cseYUM"
        >
          View Opinions
        </button>
      </div>
      <div
        class="sc-breuTD coEVwK"
        style="background-size: cover;"
      >
        Business enthusiast?
        <button
          class="sc-ksZaOG cseYUM"
        >
          View Opinions
        </button>
      </div>
    </div>
  </div>
</div>
`;
